animation programmer
Application Developer
application programmer
Application Support Analyst
Applications Engineer
Associate Developer
business application programmer
Chief Information Officer (CIO) 
Chief Technology Officer (CTO) 
Computer and Information Systems Manager
Computer application programmer
computer application programmer
Computer game developer
computer game developer
Computer programmer
computer programmer
Computer Systems Manager
Customer Support Administrator
Customer Support Specialist
Data Center Support Specialist
Data Quality Manager
Database Administrator
Desktop Support Manager
Desktop Support Specialist
detail programmer
Developer
Director of Technology
e-business developer
e-business software developer
e-commerce developer
e-commerce software developer
EDP applications programmer
electronic business (e-business) software developer
electronic business developer 
electronic business software developer
electronic commerce (e-commerce) software developer
electronic commerce software developer
electronic data processing (EDP) applications programmer
electronic data processing applications programmer
Front End Developer
full-stack developer
Full-stack developer
full stack developer
Full stack developer
game developer, computer
graphical user interface (GUI) designer
graphical user interface (GUI) developer
GUI designer
GUI developer
Help Desk Specialist
Help Desk Technician
Information Technology Coordinator
Information Technology Director
Information Technology Manager
interactive media developer
interactive media programmer
Java programmer
mainframe systems programmer
minicomputer systems programmer
multimedia developer
multimedia programmer
operating systems programmer
PC (personal computer) application developer
PC application developer
personal computer (PC) application developer
Programmer
programmer analyst
Programmer Analyst
programmer, animation
programmer, interactive media
programmer, special effects
programmer, systems
programmer, Web
satellite scientific telecommunications programmer
scientific programmer
Security Specialist
Senior Applications Engineer
Senior Database Administrator
Senior Network Architect
Senior Network Engineer
Senior Network System Administrator
Senior Programmer
Senior Programmer Analyst
Senior Security Specialist
Senior Software Engineer
Senior Support Specialist
Senior System Administrator
Senior System Analyst
Senior System Architect
Senior System Designer
Senior Systems Analyst
Senior Systems Software Engineer
Senior Web Administrator
Senior Web Developer
Software Architect
software developer
Software Developer
Software developer
software developer
software developer, e-business (electronic business)
software developer, e-commerce (electronic commerce)
software developer, electronic business (e-business)
software developer, electronic commerce (e-commerce)
software development programmer
Software Engineer
software programmer
Software Quality Assurance Analyst
special effects programmer
Support Specialist
System Architect
Systems Administrator
Systems Analyst
Systems Designer
systems programmer
Systems Software Engineer
Technical Operations Officer
Technical Specialist
Technical Support Engineer
Technical Support Specialist
Telecommunications Specialist
teleprocessing software programmer
visual basic programmer
Web Administrator
web designer
web developer
Web Developer
Web programmer
Webmaster
