AJAX
ASP
ASP.NET
AWS
AWT
Agile
Amazon AWS
Analytical
Analytics
Android
Angular
Ansible
Ant
Apache 
Application Development
Applications
Architecture
Attention to Detail
Authentication
Authentication/Authorization
Authorization
BIG DATA
Babel
BeansTalk
Big Data
Big Data
Big data
Bitbucket
Bootstrap 
Browserify
Business Analytics
Business Intelligence
Business Process Modeling
CHAP 
CORS 
CVS
Caching
Cassandra
Chai.js
Chef 
Chrome
Cloud Computing
Cloud computing
Code
Coding
Communication
Composer 
Computer
Configuration
Confluence
Content Management
Content Strategy
Critical Thinking
Cucumber 
Customer Support
Data Analysis
Data Analytics
Data Intelligence
Data Mining
Data Science
Data Storage
Data Strategy
Database
Database Administration
Dependency Injection 
Design
Desktop Support
Developer
Development
Django
Docker
Documentation
Drools
ES6
Eclipse 
ElasticSearch
Ember
Ember.JS
Ember.js
Emerging Technologies
Encryption
Excel
Exception Handling
Exception handling
Express 
Express.js 
FUNCTIONAL PROGRAMMING
File Systems
Flask
Flexibility
Flyway
Functional Programming
GIT
GO 
Git
GitHub
GitKraken
Github
Gradle
Groovy
Grunt
Gulp
HAProxy 
HATEOAS 
HTTP/FTP
Hadoop
Hamcrest
Hardware
Help Desk
Hibernate
Huffman algorithm
IOS
IPv4 
IT Manager
IT Optimization
IT Security
IT Soft Skills
IT Solutions
IT Support
Implementation
Information Systems
Installation
Integrated Technologies
IntelliJ IDEA
Internet
J2EE 
JAX-WS
JAXB
JBoss
JMS
JMX 
JNI
JPA 
JQuery
JSF
JSON
JSTL
JUnit
Jasmin.js
JavaFX
JavaRX
Jira
Kotlin
LESS
LINQ
Lambdas 
Languages
Laravel & Symfony
Leadership
Linux
Linux
Log4j
Logback
Logback/Log4j
Logging
Logical Thinking
Lucene
MS
MS SQL
MVC
Management
Maven
Messaging
Methodology
Metrics
Microsoft Office
Microsoft SQL Server
Mobile Applications
Mocha 
Mock
Mocking
Mockito
MongoDB
Motivation
Multi Threading
Multi threading
MySQL
NOSQL
NPM
NUnit
Netty
Network Operations
Networking
Networks
Nginx 
Node
Node.js
OOAD principles
OOP
OOPS
Operating Systems
Operations
Oracle
Oracle
Organization
Phantom.JS
Phantom.js
PhantomJS 
Play Framwork 
Play framework
Playframework
PostCSS
PostgreSQL
PowerPoint
Presentation
Problem Solving
Product Development
Product Management
Product Support
Product Training
Programming
Project Management
Protractor
Puppet 
Push
Qt
RDS
REST
REST API
RSpec
Rake 
React
React Native
React.JS
React.js
Redis 
Redux
Regular Expressions
RelaxNg
Repairs
Reporting
Rest
Rest API
Restful
Rollup
Ruby on Rails
S3
SCRUM
SCSS
SES
SNS
SOAP 
SQL Server 2005 database
SSH 
SSL 
SSO
SVN
SWT
SaSS
Salesforce
Salesforce.com
Sass
Search Engine Optimization (SEO)
Security
Self Motivated
Self Starting
Servers
Servlets
Shell scripting	
Socket
Software
Software Development
Software Engineering
Software Quality Assurance (QA)
Source Tree
Spring
Spring Core
Spring MVC
SqlAlchemy
Storage
Streams
Struts
Support
Swing
Switching and routing
Systems Software
TCP 
TLS
Team Building
Team Oriented
Teamwork
Tech Skills Listed by Job
Tech Skills Listed by Job
Tech Support
Technical
Technical Services
Technical Support
Technical Writing
Technical Writing
Technology
Testing
Testing
Time Management
Tomcat
Tools
Training
Transations
Troubleshooting
UDP 
UI / UX
UML
UNIX
URI
URL
URLs
User Experience Design
Version Control
Virtualization
VueJS
WPF
WSSE 
Waterfall
Web
Web Design
Web Development
Web Workers
WebSphere
Webpack
Websocket
Windows
Woocommerce
Word
Wordpress 
Work Independently
XJC
XSD 
Xerces
Yarn
cronjobs 
cvs
functional programming
iOS
jUnit
junit
lambdas 
migrate4j
mocking
streams
xerces
xjc