.NET
@Formula
A# (Axiom)
A# .NET
A+
A++
A-0 System
ABAP
ABC
ABC ALGOL
ABSET
ABSYS
ACC
ACT-III
AIMMS
ALF
ALGOL 58
ALGOL 60
ALGOL 68
ALGOL W
AMOS
AMPL
APL
APT
ARexx
ATS
AWK
Accent
Ace DASL
Action!
ActionScript
Active Server Pages
Ada
Adenine
Agda
Agilent VEE
Agora
Alef
Alice
Alma-0
AmbientTalk
Amiga E
Apex
App Inventor for Android's visual block language
AppleScript
Arc
Argus
AspectJ
Assembler
Assembly language
Ateji PX
AutoHotkey
AutoIt
AutoLISP / Visual LISP
Autocoder
Averest
Axum
BASIC
BCPL
BETA
BLISS
BPEL
BREW
Babbage
Bash
Batch
BeanShell
Bertrand
Bistro
Blockly
BlooP
Boo
Boomerang
Bourne shell
Business Basic
Céu
C
C Shell
C#
C++
C--
C/AL
CDuce
CFEngine
CFML
CHILL
CHIP-8
CHR
CICS
CIL
CL
CL
CLIPS
CLIST
CLU
CMS EXEC
CMS-2
COBOL
CODE
COMAL
COMIT
COMPASS
COMTRAN
COWSEL
CPL
CPL
CSP
CSS
CSS3
CSS5
CUDA
Caché ObjectScript
Caml
Cayenne
Cecil
Cesil
Ceylon
Cg
Ch
Chapel
Charity
Charm
ChucK
Cilk
Citrine 
Claire
Clarion
Clean
Clipper
Clojure
CobolScript
Cobra
CoffeeScript
ColdFusion
Combined Programming Language
Common Intermediate Language
Common Lisp
Component Pascal
Constraint Handling Rules
Converge
Cool
Coq
CorVision
Coral 66
Corn
Cryptol
Crystal
Csound
Curl
Curry
Cybil
Cyclone
Cython
D
DASL
DASL
DATATRIEVE
DCL
DIBOL
DRAKON
DYNAMO
Dart
DataFlex
Datalog
Datapoint's Advanced Systems Language
Deesel
Delphi
DinkC
Distributed Application Specification Language
Dog
Draco
Dylan
EASYTRIEVE PLUS
ECMAScript
EGL
ELAN
EPL
ESPOL
EXEC
EXEC 2
EarSketch
Ease
Easy PL/I
Easy Programming Language
Edinburgh IMP
Eiffel
Elixir
Elm
Emacs Lisp
Emerald
Emojicode
Epigram
Erlang
Escher
Esterel
Etoys
Euclid
Euler
Euphoria
EusLisp Robot Programming Language
Executable UML
F
F#
F*
F-Script
FAUST
FFP
FL
FLOW-MATIC
FOCAL
FOCUS
FOIL
FORMAC
FP
Factor
Falcon
Fantom
Fjölnir
Flavors
Flex
FlooP
Forth
Fortran
Fortress
FoxBase
FoxPro
Franz Lisp
Frege
Gödel
G
G-code
GAMS
GAP
GDL
GDScript
GEORGE
GJ
GLSL
GMGo
GNU E
GOAL
GOM
GOTRAN
GPSS
GRASS
Game Maker Language
GameMonkey Script
Genie
Go!
Golo
Good Old Mad
Google Apps Script
Gosu
GraphTalk
Groovy
HAGGIS
HAL/S
HLSL
HTML
HTML5
Hack
Halide
Hamilton C shell
Harbour
Hartmann pipelines
Haskell
Haxe
Hermes
High Level Assembly
Hop
Hope
Hopscotch
Hugo
Hume
HyperTalk
IBM Basic assembly language
IBM HAScript
IBM Informix-4GL
IBM RPG
ICI
IDL
IMP
INTERLISP
IPL
IPTSCRAE
ISLISP
ISPF
ISWIM
Icon
Id
Idris
Inform
Io
Ioke
J
J#
J++
JADE
JAL
JASS
JCL
JEAN
JOSS
JOVIAL
JScript
JScript .NET
Janus
Janus (concurrent constraint programming language)
Janus (time-reversible computing programming language)
Java
JavaFX Script
JavaScript
Javascript
Join Java
Joule
Joy
Julia
Jython
K
KEE
KIF
KRC
KRL
KRL (KUKA Robot Language)
KRYPTON
Kaleidoscope
Karel
Karel++
Kixtart
Klerer-May System
Kodu
Kojo
Kotlin
L
LANSA
LC-3
LIL
LINC
LIS
LISA
LPC
LSE
LSL
LYaPAS
LaTeX
LabVIEW
Ladder
Lagoona
Lasso
Lava
Leda
Legoscript
LilyPond
Limbo
Limnor
Lingo
Lisaac
Lisp
Lite-C
Lithe
Little b
LiveCode
LiveScript
Logo
Logtalk
LotusScript
Lua
Lucid
Lustre
Lynx
M#
M2001
M4
MAD
MAD (Michigan Algorithm Decoder)
MAD/I
MAPPER
MARK-IV
MASM Microsoft Assembly x86
MATH-MATIC
MATLAB
MDL
MIIS
MIMIC
MIVA Script
ML
MOO
MPD
MPL
MSIL
MSL
MUMPS
Machine code
Macsyma
Magik
Magma
Maple
Mary
Mathcad
Mathematica
Maude system
Max
Max (Max Msp – Graphical Programming Environment)
MaxScript
MaxScript internal language 3D Studio Max
Maxima
Maya (MEL)
Mercury
Mesa
MetaQuotes
MetaQuotes Language (MQL4/MQL5)
Metafont
MicroScript
Microcode
Milk
Mirah
Miranda
Model 204
Modelica
Modula
Modula-2
Modula-3
Mohol
Mortran
Mouse
MuPAD
Mystic Programming Language (MPL)
NASM
NESL
NEWP
NGL
NITIN
NPL
NQC
NSIS
NWScript
NXC
NXT-G
Napier88
Neko
Nemerle
Net.Data
NetLogo
NetRexx
NewLISP
Newspeak
NewtonScript
Nial
Nice
Nickle
Nim
Node.js
Not Quite C
Not eXactly C
Nu
OBJ2
OCaml
OPL
OPS5
ORCA/Modula-2
Oak
Oberon
Object Lisp
Object Pascal
Object REXX
ObjectLOGO
Objective-C
Objective-J
Obliq
Octave
OmniMark
Onyx
Opa
Opal
OpenCL
OpenEdge ABL
OpenVera
OptimJ
Orc
Oriel
Orwell
Oxygene
Oz
P′′
P#
PARI/GP
PCASTL
PCF
PDL
PEARL
PHP
PIKT
PILOT
PL-11
PL/0
PL/B
PL/C
PL/I – ISO 6160
PL/M
PL/P
PL/SQL
PL360
PLANC
PLEX
PLEXIL
POP-11
POP-2
PPL
PROIV
PROMAL
PROSE
PROSE modeling language
PROTEL
ParaSail
Pascal – ISO 7185
PeopleCode
Perl
Perl 6
Pharo
Pico
Picolisp
Pict
Pike
Pipelines
Pizza
Plankalkül
Planner
Plus
PortablE
PostScript
PowerBuilder
PowerBuilder – 4GL GUI application generator from Sybase
PowerShell
Powerhouse
Pro*C
Processing
Processing.js
Prograph
Prolog
Promela
ProvideX
Pure
Pure Data
Python
Q 
Q (equational programming language)
Q (programming language from Kx Systems)
QPL
Qalb
QtScript
QuakeC
R
R++
RAPID
REBOL
REFAL
REXX
ROOP
RPG
RPL
RSL
RTL/2
Racket
Rapira
Ratfiv
Ratfor
Red
Redcode
Reia
Ring
Rlab
Ruby
RuneScript
Rust
S
S-Lang
S-PLUS
S/SL
S2
S3
SA-C
SAIL
SALSA
SAM76
SAS
SASL
SBL
SETL
SIGNAL
SIMPOL
SIMSCRIPT
SISAL
SLIP
SMALL
SML
SNOBOL(SPITBOL)
SOL
SP/k
SPARK
SPIN
SPITBOL
SPS
SQL
SQR
SR
SYMPL
SabreTalk
Sather
Sawzall
Scala
Scheme
Scilab
Scratch
Script.NET
Sed
Seed7
Self
SenseTalk
SequenceL
SiMPLE
Simula
Simulink
Singularity
Small Basic
Smalltalk
Snap!
Snowball
Solidity
Speedcode
Squeak
Squirrel
Stackless Python
Starlogo
Stata
Stateflow
Strand
Strongtalk
Subtext
SuperCollider
SuperTalk
Swift
Swift (Apple programming language)
Swift (parallel scripting language)
SyncCharts
SystemVerilog
T
T-SQL
TACL
TACPOL
TADS
TAL
TECO
TELCOMP
TEX
TIE
TMG
TOM
TPU
TTCN
TTM
TUTOR
TXL
Tcl
TeX
Tea
Timber
Toi
Tom
Topspeed
Trac
Transcript
Turing
TypeScript
Typescript
UCSD Pascal
UNITY
Ubercode
Umple
Unicon
Uniface
Unix shell
UnrealScript
VHDL
VSXu
Vala
Verilog
Visual Basic
Visual Basic .NET
Visual DataFlex
Visual DialogScript
Visual Fortran
Visual FoxPro
Visual J#
Visual J++
Visual Objects
Visual Prolog
WATFIV, WATFOR
WebDNA
WebQL
Whiley
Winbatch
Windows PowerShell
Wolfram
Wolfram Language
Wyvern
X++
X10
XBL
XC 
XL
XML
XMOS
XOTcl
XPL
XPL0
XPath
XQuery
XSB
XSL
XSLT
XSharp
Xojo
Xtend
YQL
Yoix
Yorick
Z notation
ZOPL
ZPL
Zeno
Zsh
chomski
csh
dBase
dc
es
ksh
nesC
occam
occam-π
rc
vvvv
xHarbour