Qt
Oracle
Oracle
MS
MS SQL
Spring
JavaFX
Hibernate
Rest
REST
REST API
Rest API
Android
WPF
LINQ
JavaRX
Netty
Logback
Log4j
Logback/Log4j
MongoDB
Jira
Confluence
Docker
UML
Maven
Gradle
Git
GIT
SVN
Bitbucket
GitHub
Github
jUnit
junit
JUnit
Mock
Mocking
SCRUM
Agile
Waterfall
UNIX
Linux
Windows
IntelliJ IDEA
GitKraken
Source Tree
React
Regular Expressions
ASP.NET
ASP
NUnit
Drools
SQL Server 2005 database
AJAX
JQuery
MVC
Lambdas 
lambdas 
streams
Streams
JMX 
JAXB
xjc
XJC
xerces
Xerces
JPA 
JSF
Playframework
Play framework
Play Framwork 
Struts
Spring MVC
Dependency Injection 
SOAP 
JAX-WS
AWS
Ant
Version Control
JSTL
WebSphere
Tomcat
JBoss
JSON
SWT
AWT
Swing
OOP
OOPS
Multi Threading
Multi threading
Exception Handling
Exception handling
Lucene
Hadoop
Cloud computing
NOSQL
Big Data
Big data
BIG DATA
Push
Servlets
J2EE 
Socket
JNI
OOAD principles
JMS
Websocket
Restful
HTTP/FTP
Encryption
Authentication
Authorization
Authentication/Authorization
SSO
TLS
Transations
Eclipse 
Node.js
Mockito
Hamcrest
Flyway
migrate4j
Kotlin
Groovy
Spring Core
Salesforce
Salesforce.com
functional programming
Functional Programming
FUNCTIONAL PROGRAMMING
Caching
Angular
Excel
cvs
CVS
GO 
Ember
Node
Chrome
Express 
Bootstrap 
Ember.JS
Ember.js
React.js
React.JS
Wordpress 
Woocommerce
Sass
PostCSS
Gulp
Grunt
Webpack
Django
Ruby on Rails
Laravel & Symfony
iOS
IOS
Redis 
Redux
Web Workers
Apache 
Nginx 
cronjobs 
Composer 
NPM
Yarn
Babel
ES6
LESS
SCSS
SaSS
VueJS
Browserify
Rollup
Logging
React Native
Express.js 
Chai.js
Jasmin.js
Mocha 
PhantomJS 
Phantom.js
Phantom.JS
Cucumber 
RSpec
Cassandra
ElasticSearch
PostgreSQL
Protractor
Rake 
IPv4 
TCP 
UDP 
Switching and routing
SSL 
Shell scripting	
Amazon AWS
S3
RDS
BeansTalk
SNS
SES
Puppet 
Chef 
Ansible
HAProxy 
CORS 
Huffman algorithm
RelaxNg
XSD 
SSH 
URI
URL
URLs
CHAP 
WSSE 
HATEOAS 
Flask
SqlAlchemy
mocking
MySQL
PowerPoint
Word
Microsoft SQL Server
Testing